---
source: crates/jsonschema-cli/tests/cli.rs
expression: sanitized
---
{FILE_1} - VALID
