---
source: crates/jsonschema-cli/tests/cli.rs
expression: sanitized
---
Schema is invalid. Error: "invalid" is not valid under any of the schemas listed in the 'anyOf' keyword
