---
source: crates/jsonschema-cli/tests/cli.rs
expression: "String::from_utf8_lossy(&output.stdout)"
---
Version: 0.19.1
