---
source: crates/jsonschema-cli/tests/cli.rs
expression: out
---
{FILE_1} - VALID
